Hello from inner-dep-1.0
Hello from inner-dep-1.0
