Requested 'zlib >= 9999.0' but version of zlib is
