Error while parsing test/output_tmp/bad-package/package.toml: line 2: missing =
